npx : ΓùÅ Validation Warning:
At line:1 char:1
+ npx jest app/components/SmartSearch.test.tsx > test_error.log 2>&1
+ ~~~~~~~~~~~~~~~~~~~~~~~~~~~~~~~~~~~~~~~~~~~~~~~~~~~~~~~~~~~~~~~~~~
    + CategoryInfo          : NotSpecified: (ΓùÅ Validation Warning::String) [], RemoteException
    + FullyQualifiedErrorId : NativeCommandError
 

  Unknown option "overrides" with value [{"files": ["**/*.test.tsx", "**/components/**/*.test.ts"], "testEnvironment": 
"jest-environment-jsdom"}] was found.
  This is probably a typing mistake. Fixing it will remove this message.

  Configuration Documentation:
  https://jestjs.io/docs/configuration

ΓùÅ Validation Warning:

  Unknown option "overrides" with value [{"files": ["**/*.test.tsx", "**/components/**/*.test.ts"], "testEnvironment": 
"jest-environment-jsdom"}] was found.
  This is probably a typing mistake. Fixing it will remove this message.

  Configuration Documentation:
  https://jestjs.io/docs/configuration

FAIL app/components/SmartSearch.test.tsx
  SmartSearch Component
    ├ù should handle search results and display them without crashing (27 ms)

  ΓùÅ SmartSearch Component ΓÇ║ should handle search results and display them without crashing

    ReferenceError: React is not defined

    [0m [90m 107 |[39m     }[33m;[39m
     [90m 108 |[39m
    [31m[1m>[22m[39m[90m 109 |[39m     [36mreturn[39m (
     [90m     |[39m     [31m[1m^[22m[39m
     [90m 110 |[39m         [33m<[39m[33mdiv[39m className[33m=[39m[32m"w-full max-w-4xl px-4 py-8 space-y-8 
flex flex-col items-center"[39m[33m>[39m
     [90m 111 |[39m
     [90m 112 |[39m             {[90m/* Header */[39m}[0m

      at SmartSearch (app/components/SmartSearch.tsx:109:5)
      at Object.react_stack_bottom_frame (node_modules/react-dom/cjs/react-dom-client.development.js:25904:20)
      at renderWithHooks (node_modules/react-dom/cjs/react-dom-client.development.js:7662:22)
      at updateFunctionComponent (node_modules/react-dom/cjs/react-dom-client.development.js:10166:19)
      at beginWork (node_modules/react-dom/cjs/react-dom-client.development.js:11778:18)
      at runWithFiberInDEV (node_modules/react-dom/cjs/react-dom-client.development.js:874:13)
      at performUnitOfWork (node_modules/react-dom/cjs/react-dom-client.development.js:17641:22)
      at workLoopSync (node_modules/react-dom/cjs/react-dom-client.development.js:17469:41)
      at renderRootSync (node_modules/react-dom/cjs/react-dom-client.development.js:17450:11)
      at performWorkOnRoot (node_modules/react-dom/cjs/react-dom-client.development.js:16583:35)
      at performWorkOnRootViaSchedulerTask (node_modules/react-dom/cjs/react-dom-client.development.js:18957:7)
      at flushActQueue (node_modules/react/cjs/react.development.js:590:34)
      at process.env.NODE_ENV.exports.act (node_modules/react/cjs/react.development.js:884:10)
      at node_modules/@testing-library/react/dist/act-compat.js:46:25
      at renderRoot (node_modules/@testing-library/react/dist/pure.js:189:26)
      at render (node_modules/@testing-library/react/dist/pure.js:291:10)
      at Object.<anonymous> (app/components/SmartSearch.test.tsx:36:15)

Test Suites: 1 failed, 1 total
Tests:       1 failed, 1 total
Snapshots:   0 total
Time:        1.292 s
Ran all test suites matching app/components/SmartSearch.test.tsx.
